Archive member included because of file (symbol)

c:/program files/atmel/atmel toolchain/avr8 gcc/native/3.4.1061/avr8-gnu-toolchain/bin/../lib/gcc/avr/4.8.1/avr51\libgcc.a(_exit.o)
                              c:/program files/atmel/atmel toolchain/avr8 gcc/native/3.4.1061/avr8-gnu-toolchain/bin/../lib/gcc/avr/4.8.1/../../../../avr/lib/avr51/crtm1284p.o (exit)
c:/program files/atmel/atmel toolchain/avr8 gcc/native/3.4.1061/avr8-gnu-toolchain/bin/../lib/gcc/avr/4.8.1/avr51\libgcc.a(_copy_data.o)
                              lcd_5110_menu.o (__do_copy_data)
c:/program files/atmel/atmel toolchain/avr8 gcc/native/3.4.1061/avr8-gnu-toolchain/bin/../lib/gcc/avr/4.8.1/avr51\libgcc.a(_clear_bss.o)
                              lcd_5110_menu.o (__do_clear_bss)

Allocating common symbols
Common symbol       size              file

osc1                0x2               outputtest.o
deb_buttons         0xc               outputtest.o
lcd_buffer          0x1f8             lcd_5110_menu.o
adc_value           0x2               outputtest.o
pot_data            0x1               outputtest.o
buffer              0x4               outputtest.o
data                0x4               outputtest.o
buttons             0xc               outputtest.o
curr_wave           0x100             outputtest.o

Discarded input sections

 .data          0x00000000        0x0 c:/program files/atmel/atmel toolchain/avr8 gcc/native/3.4.1061/avr8-gnu-toolchain/bin/../lib/gcc/avr/4.8.1/../../../../avr/lib/avr51/crtm1284p.o
 .bss           0x00000000        0x0 c:/program files/atmel/atmel toolchain/avr8 gcc/native/3.4.1061/avr8-gnu-toolchain/bin/../lib/gcc/avr/4.8.1/../../../../avr/lib/avr51/crtm1284p.o
 .text          0x00000000        0x0 l74hc165.o
 .data          0x00000000        0x0 l74hc165.o
 .bss           0x00000000        0x0 l74hc165.o
 .text          0x00000000        0x0 lcd.o
 .data          0x00000000        0x0 lcd.o
 .bss           0x00000000        0x0 lcd.o
 .text.toggle_e
                0x00000000        0x8 lcd.o
 .text.lcd_write
                0x00000000       0x3e lcd.o
 .text.lcd_read
                0x00000000       0x2e lcd.o
 .text.lcd_waitbusy
                0x00000000       0x1a lcd.o
 .text.lcd_command
                0x00000000       0x14 lcd.o
 .text.lcd_data
                0x00000000       0x14 lcd.o
 .text.lcd_gotoxy
                0x00000000       0x14 lcd.o
 .text.lcd_getxy
                0x00000000        0x8 lcd.o
 .text.lcd_clrscr
                0x00000000        0x8 lcd.o
 .text.lcd_home
                0x00000000        0x8 lcd.o
 .text.lcd_putc
                0x00000000       0x2a lcd.o
 .text.lcd_puts
                0x00000000       0x20 lcd.o
 .text.lcd_puts_p
                0x00000000       0x24 lcd.o
 .text.lcd_init
                0x00000000       0x6e lcd.o
 .debug_info    0x00000000      0x5cb lcd.o
 .debug_abbrev  0x00000000      0x229 lcd.o
 .debug_loc     0x00000000      0x521 lcd.o
 .debug_aranges
                0x00000000       0x88 lcd.o
 .debug_ranges  0x00000000       0x90 lcd.o
 .debug_line    0x00000000      0x202 lcd.o
 .debug_str     0x00000000      0x253 lcd.o
 .comment       0x00000000       0x31 lcd.o
 .debug_frame   0x00000000      0x138 lcd.o
 .text          0x00000000        0x0 lcd_5110_menu.o
 .data          0x00000000        0x0 lcd_5110_menu.o
 .bss           0x00000000        0x0 lcd_5110_menu.o
 .text.LCD_Write_data
                0x00000000       0x4a lcd_5110_menu.o
 .text.LCD_Write_data_at
                0x00000000       0x6a lcd_5110_menu.o
 .text.LCD_set_pixel
                0x00000000       0x58 lcd_5110_menu.o
 .text.LCD_draw_square
                0x00000000       0x4c lcd_5110_menu.o
 .text.LCD_invert_row
                0x00000000       0x1a lcd_5110_menu.o
 .bss.ii.1793   0x00000000        0x2 lcd_5110_menu.o
 .bss.ii.1786   0x00000000        0x2 lcd_5110_menu.o
 .text          0x00000000        0x0 outputtest.o
 .data          0x00000000        0x0 outputtest.o
 .bss           0x00000000        0x0 outputtest.o
 .text.determine_keys_playing
                0x00000000        0x2 outputtest.o
 .text.lowpass  0x00000000       0x7a outputtest.o
 .text.setup_adc
                0x00000000       0x16 outputtest.o
 .bss.output    0x00000000        0x1 outputtest.o
 .bss.keys_playing
                0x00000000        0x3 outputtest.o
 .data.inc      0x00000000        0x1 outputtest.o
 .data.pseudosquare
                0x00000000      0x100 outputtest.o
 .data.prutt    0x00000000      0xd10 outputtest.o
 .data.triangle
                0x00000000      0x100 outputtest.o
 .data.square2x
                0x00000000      0x100 outputtest.o
 .data.square_  0x00000000      0x100 outputtest.o
 .data.sine2x   0x00000000      0x100 outputtest.o
 .data.sine     0x00000000      0x100 outputtest.o
 .text          0x00000000        0x0 c:/program files/atmel/atmel toolchain/avr8 gcc/native/3.4.1061/avr8-gnu-toolchain/bin/../lib/gcc/avr/4.8.1/avr51\libgcc.a(_exit.o)
 .data          0x00000000        0x0 c:/program files/atmel/atmel toolchain/avr8 gcc/native/3.4.1061/avr8-gnu-toolchain/bin/../lib/gcc/avr/4.8.1/avr51\libgcc.a(_exit.o)
 .bss           0x00000000        0x0 c:/program files/atmel/atmel toolchain/avr8 gcc/native/3.4.1061/avr8-gnu-toolchain/bin/../lib/gcc/avr/4.8.1/avr51\libgcc.a(_exit.o)
 .text.libgcc.mul
                0x00000000        0x0 c:/program files/atmel/atmel toolchain/avr8 gcc/native/3.4.1061/avr8-gnu-toolchain/bin/../lib/gcc/avr/4.8.1/avr51\libgcc.a(_exit.o)
 .text.libgcc.div
                0x00000000        0x0 c:/program files/atmel/atmel toolchain/avr8 gcc/native/3.4.1061/avr8-gnu-toolchain/bin/../lib/gcc/avr/4.8.1/avr51\libgcc.a(_exit.o)
 .text.libgcc   0x00000000        0x0 c:/program files/atmel/atmel toolchain/avr8 gcc/native/3.4.1061/avr8-gnu-toolchain/bin/../lib/gcc/avr/4.8.1/avr51\libgcc.a(_exit.o)
 .text.libgcc.prologue
                0x00000000        0x0 c:/program files/atmel/atmel toolchain/avr8 gcc/native/3.4.1061/avr8-gnu-toolchain/bin/../lib/gcc/avr/4.8.1/avr51\libgcc.a(_exit.o)
 .text.libgcc.builtins
                0x00000000        0x0 c:/program files/atmel/atmel toolchain/avr8 gcc/native/3.4.1061/avr8-gnu-toolchain/bin/../lib/gcc/avr/4.8.1/avr51\libgcc.a(_exit.o)
 .text.libgcc.fmul
                0x00000000        0x0 c:/program files/atmel/atmel toolchain/avr8 gcc/native/3.4.1061/avr8-gnu-toolchain/bin/../lib/gcc/avr/4.8.1/avr51\libgcc.a(_exit.o)
 .text.libgcc.fixed
                0x00000000        0x0 c:/program files/atmel/atmel toolchain/avr8 gcc/native/3.4.1061/avr8-gnu-toolchain/bin/../lib/gcc/avr/4.8.1/avr51\libgcc.a(_exit.o)
 .text          0x00000000        0x0 c:/program files/atmel/atmel toolchain/avr8 gcc/native/3.4.1061/avr8-gnu-toolchain/bin/../lib/gcc/avr/4.8.1/avr51\libgcc.a(_copy_data.o)
 .data          0x00000000        0x0 c:/program files/atmel/atmel toolchain/avr8 gcc/native/3.4.1061/avr8-gnu-toolchain/bin/../lib/gcc/avr/4.8.1/avr51\libgcc.a(_copy_data.o)
 .bss           0x00000000        0x0 c:/program files/atmel/atmel toolchain/avr8 gcc/native/3.4.1061/avr8-gnu-toolchain/bin/../lib/gcc/avr/4.8.1/avr51\libgcc.a(_copy_data.o)
 .text.libgcc.mul
                0x00000000        0x0 c:/program files/atmel/atmel toolchain/avr8 gcc/native/3.4.1061/avr8-gnu-toolchain/bin/../lib/gcc/avr/4.8.1/avr51\libgcc.a(_copy_data.o)
 .text.libgcc.div
                0x00000000        0x0 c:/program files/atmel/atmel toolchain/avr8 gcc/native/3.4.1061/avr8-gnu-toolchain/bin/../lib/gcc/avr/4.8.1/avr51\libgcc.a(_copy_data.o)
 .text.libgcc   0x00000000        0x0 c:/program files/atmel/atmel toolchain/avr8 gcc/native/3.4.1061/avr8-gnu-toolchain/bin/../lib/gcc/avr/4.8.1/avr51\libgcc.a(_copy_data.o)
 .text.libgcc.prologue
                0x00000000        0x0 c:/program files/atmel/atmel toolchain/avr8 gcc/native/3.4.1061/avr8-gnu-toolchain/bin/../lib/gcc/avr/4.8.1/avr51\libgcc.a(_copy_data.o)
 .text.libgcc.builtins
                0x00000000        0x0 c:/program files/atmel/atmel toolchain/avr8 gcc/native/3.4.1061/avr8-gnu-toolchain/bin/../lib/gcc/avr/4.8.1/avr51\libgcc.a(_copy_data.o)
 .text.libgcc.fmul
                0x00000000        0x0 c:/program files/atmel/atmel toolchain/avr8 gcc/native/3.4.1061/avr8-gnu-toolchain/bin/../lib/gcc/avr/4.8.1/avr51\libgcc.a(_copy_data.o)
 .text.libgcc.fixed
                0x00000000        0x0 c:/program files/atmel/atmel toolchain/avr8 gcc/native/3.4.1061/avr8-gnu-toolchain/bin/../lib/gcc/avr/4.8.1/avr51\libgcc.a(_copy_data.o)
 .text          0x00000000        0x0 c:/program files/atmel/atmel toolchain/avr8 gcc/native/3.4.1061/avr8-gnu-toolchain/bin/../lib/gcc/avr/4.8.1/avr51\libgcc.a(_clear_bss.o)
 .data          0x00000000        0x0 c:/program files/atmel/atmel toolchain/avr8 gcc/native/3.4.1061/avr8-gnu-toolchain/bin/../lib/gcc/avr/4.8.1/avr51\libgcc.a(_clear_bss.o)
 .bss           0x00000000        0x0 c:/program files/atmel/atmel toolchain/avr8 gcc/native/3.4.1061/avr8-gnu-toolchain/bin/../lib/gcc/avr/4.8.1/avr51\libgcc.a(_clear_bss.o)
 .text.libgcc.mul
                0x00000000        0x0 c:/program files/atmel/atmel toolchain/avr8 gcc/native/3.4.1061/avr8-gnu-toolchain/bin/../lib/gcc/avr/4.8.1/avr51\libgcc.a(_clear_bss.o)
 .text.libgcc.div
                0x00000000        0x0 c:/program files/atmel/atmel toolchain/avr8 gcc/native/3.4.1061/avr8-gnu-toolchain/bin/../lib/gcc/avr/4.8.1/avr51\libgcc.a(_clear_bss.o)
 .text.libgcc   0x00000000        0x0 c:/program files/atmel/atmel toolchain/avr8 gcc/native/3.4.1061/avr8-gnu-toolchain/bin/../lib/gcc/avr/4.8.1/avr51\libgcc.a(_clear_bss.o)
 .text.libgcc.prologue
                0x00000000        0x0 c:/program files/atmel/atmel toolchain/avr8 gcc/native/3.4.1061/avr8-gnu-toolchain/bin/../lib/gcc/avr/4.8.1/avr51\libgcc.a(_clear_bss.o)
 .text.libgcc.builtins
                0x00000000        0x0 c:/program files/atmel/atmel toolchain/avr8 gcc/native/3.4.1061/avr8-gnu-toolchain/bin/../lib/gcc/avr/4.8.1/avr51\libgcc.a(_clear_bss.o)
 .text.libgcc.fmul
                0x00000000        0x0 c:/program files/atmel/atmel toolchain/avr8 gcc/native/3.4.1061/avr8-gnu-toolchain/bin/../lib/gcc/avr/4.8.1/avr51\libgcc.a(_clear_bss.o)
 .text.libgcc.fixed
                0x00000000        0x0 c:/program files/atmel/atmel toolchain/avr8 gcc/native/3.4.1061/avr8-gnu-toolchain/bin/../lib/gcc/avr/4.8.1/avr51\libgcc.a(_clear_bss.o)

Memory Configuration

Name             Origin             Length             Attributes
text             0x00000000         0x00020000         xr
data             0x00800100         0x0000ff00         rw !x
eeprom           0x00810000         0x00010000         rw !x
fuse             0x00820000         0x00000400         rw !x
lock             0x00830000         0x00000400         rw !x
signature        0x00840000         0x00000400         rw !x
user_signatures  0x00850000         0x00000400         rw !x
*default*        0x00000000         0xffffffff

Linker script and memory map

Address of section .data set to 0x800100
LOAD c:/program files/atmel/atmel toolchain/avr8 gcc/native/3.4.1061/avr8-gnu-toolchain/bin/../lib/gcc/avr/4.8.1/../../../../avr/lib/avr51/crtm1284p.o
LOAD l74hc165.o
LOAD lcd.o
LOAD lcd_5110_menu.o
LOAD outputtest.o
START GROUP
LOAD c:/program files/atmel/atmel toolchain/avr8 gcc/native/3.4.1061/avr8-gnu-toolchain/bin/../lib/gcc/avr/4.8.1/../../../../avr/lib/avr51\libm.a
END GROUP
START GROUP
LOAD c:/program files/atmel/atmel toolchain/avr8 gcc/native/3.4.1061/avr8-gnu-toolchain/bin/../lib/gcc/avr/4.8.1/avr51\libgcc.a
LOAD c:/program files/atmel/atmel toolchain/avr8 gcc/native/3.4.1061/avr8-gnu-toolchain/bin/../lib/gcc/avr/4.8.1/../../../../avr/lib/avr51\libm.a
LOAD c:/program files/atmel/atmel toolchain/avr8 gcc/native/3.4.1061/avr8-gnu-toolchain/bin/../lib/gcc/avr/4.8.1/../../../../avr/lib/avr51\libc.a
END GROUP

.hash
 *(.hash)

.dynsym
 *(.dynsym)

.dynstr
 *(.dynstr)

.gnu.version
 *(.gnu.version)

.gnu.version_d
 *(.gnu.version_d)

.gnu.version_r
 *(.gnu.version_r)

.rel.init
 *(.rel.init)

.rela.init
 *(.rela.init)

.rel.text
 *(.rel.text)
 *(.rel.text.*)
 *(.rel.gnu.linkonce.t*)

.rela.text
 *(.rela.text)
 *(.rela.text.*)
 *(.rela.gnu.linkonce.t*)

.rel.fini
 *(.rel.fini)

.rela.fini
 *(.rela.fini)

.rel.rodata
 *(.rel.rodata)
 *(.rel.rodata.*)
 *(.rel.gnu.linkonce.r*)

.rela.rodata
 *(.rela.rodata)
 *(.rela.rodata.*)
 *(.rela.gnu.linkonce.r*)

.rel.data
 *(.rel.data)
 *(.rel.data.*)
 *(.rel.gnu.linkonce.d*)

.rela.data
 *(.rela.data)
 *(.rela.data.*)
 *(.rela.gnu.linkonce.d*)

.rel.ctors
 *(.rel.ctors)

.rela.ctors
 *(.rela.ctors)

.rel.dtors
 *(.rel.dtors)

.rela.dtors
 *(.rela.dtors)

.rel.got
 *(.rel.got)

.rela.got
 *(.rela.got)

.rel.bss
 *(.rel.bss)

.rela.bss
 *(.rela.bss)

.rel.plt
 *(.rel.plt)

.rela.plt
 *(.rela.plt)

.text           0x00000000      0x82a
 *(.vectors)
 .vectors       0x00000000       0x8c c:/program files/atmel/atmel toolchain/avr8 gcc/native/3.4.1061/avr8-gnu-toolchain/bin/../lib/gcc/avr/4.8.1/../../../../avr/lib/avr51/crtm1284p.o
                0x00000000                __vector_default
                0x00000000                __vectors
 *(.vectors)
 *(.progmem.gcc*)
                0x0000008c                . = ALIGN (0x2)
                0x0000008c                __trampolines_start = .
 *(.trampolines)
 .trampolines   0x0000008c        0x0 linker stubs
 *(.trampolines*)
                0x0000008c                __trampolines_end = .
 *(.progmem*)
                0x0000008c                . = ALIGN (0x2)
 *(.jumptables)
 *(.jumptables*)
 *(.lowtext)
 *(.lowtext*)
                0x0000008c                __ctors_start = .
 *(.ctors)
                0x0000008c                __ctors_end = .
                0x0000008c                __dtors_start = .
 *(.dtors)
                0x0000008c                __dtors_end = .
 SORT(*)(.ctors)
 SORT(*)(.dtors)
 *(.init0)
 .init0         0x0000008c        0x0 c:/program files/atmel/atmel toolchain/avr8 gcc/native/3.4.1061/avr8-gnu-toolchain/bin/../lib/gcc/avr/4.8.1/../../../../avr/lib/avr51/crtm1284p.o
                0x0000008c                __init
 *(.init0)
 *(.init1)
 *(.init1)
 *(.init2)
 .init2         0x0000008c        0xc c:/program files/atmel/atmel toolchain/avr8 gcc/native/3.4.1061/avr8-gnu-toolchain/bin/../lib/gcc/avr/4.8.1/../../../../avr/lib/avr51/crtm1284p.o
 *(.init2)
 *(.init3)
 *(.init3)
 *(.init4)
 .init4         0x00000098       0x1a c:/program files/atmel/atmel toolchain/avr8 gcc/native/3.4.1061/avr8-gnu-toolchain/bin/../lib/gcc/avr/4.8.1/avr51\libgcc.a(_copy_data.o)
                0x00000098                __do_copy_data
 .init4         0x000000b2       0x10 c:/program files/atmel/atmel toolchain/avr8 gcc/native/3.4.1061/avr8-gnu-toolchain/bin/../lib/gcc/avr/4.8.1/avr51\libgcc.a(_clear_bss.o)
                0x000000b2                __do_clear_bss
 *(.init4)
 *(.init5)
 *(.init5)
 *(.init6)
 *(.init6)
 *(.init7)
 *(.init7)
 *(.init8)
 *(.init8)
 *(.init9)
 .init9         0x000000c2        0x8 c:/program files/atmel/atmel toolchain/avr8 gcc/native/3.4.1061/avr8-gnu-toolchain/bin/../lib/gcc/avr/4.8.1/../../../../avr/lib/avr51/crtm1284p.o
 *(.init9)
 *(.text)
 .text          0x000000ca        0x4 c:/program files/atmel/atmel toolchain/avr8 gcc/native/3.4.1061/avr8-gnu-toolchain/bin/../lib/gcc/avr/4.8.1/../../../../avr/lib/avr51/crtm1284p.o
                0x000000ca                __vector_22
                0x000000ca                __vector_28
                0x000000ca                __vector_1
                0x000000ca                __vector_32
                0x000000ca                __vector_34
                0x000000ca                __vector_12
                0x000000ca                __bad_interrupt
                0x000000ca                __vector_6
                0x000000ca                __vector_31
                0x000000ca                __vector_3
                0x000000ca                __vector_23
                0x000000ca                __vector_30
                0x000000ca                __vector_25
                0x000000ca                __vector_11
                0x000000ca                __vector_17
                0x000000ca                __vector_19
                0x000000ca                __vector_7
                0x000000ca                __vector_27
                0x000000ca                __vector_5
                0x000000ca                __vector_33
                0x000000ca                __vector_4
                0x000000ca                __vector_2
                0x000000ca                __vector_21
                0x000000ca                __vector_15
                0x000000ca                __vector_29
                0x000000ca                __vector_8
                0x000000ca                __vector_26
                0x000000ca                __vector_14
                0x000000ca                __vector_10
                0x000000ca                __vector_18
                0x000000ca                __vector_20
                0x000000ce                . = ALIGN (0x2)
 *(.text.*)
 .text.l74hc165_init
                0x000000ce        0xc l74hc165.o
                0x000000ce                l74hc165_init
 .text.l74hc165_shiftin
                0x000000da       0x56 l74hc165.o
                0x000000da                l74hc165_shiftin
 .text.LCD_write_command
                0x00000130       0x1e lcd_5110_menu.o
                0x00000130                LCD_write_command
 .text.LCD_write_char
                0x0000014e       0x56 lcd_5110_menu.o
                0x0000014e                LCD_write_char
 .text.LCD_write_string
                0x000001a4       0x60 lcd_5110_menu.o
                0x000001a4                LCD_write_string
 .text.LCD_write_buffer
                0x00000204       0x3e lcd_5110_menu.o
                0x00000204                LCD_write_buffer
 .text.LCD_fill_buffer
                0x00000242       0x14 lcd_5110_menu.o
                0x00000242                LCD_fill_buffer
 .text.LCD_clear_buffer
                0x00000256       0x12 lcd_5110_menu.o
                0x00000256                LCD_clear_buffer
 .text.LCD_clear
                0x00000268        0xa lcd_5110_menu.o
                0x00000268                LCD_clear
 .text.LCD_init
                0x00000272       0x70 lcd_5110_menu.o
                0x00000272                LCD_init
 .text.fmul     0x000002e2       0x14 outputtest.o
                0x000002e2                fmul
 .text.debounce
                0x000002f6       0x5a outputtest.o
                0x000002f6                debounce
 .text.populate_buttons
                0x00000350       0xca outputtest.o
                0x00000350                populate_buttons
 .text.__vector_24
                0x0000041a       0x3a outputtest.o
                0x0000041a                __vector_24
 .text.__vector_9
                0x00000454       0x4c outputtest.o
                0x00000454                __vector_9
 .text.__vector_13
                0x000004a0       0x50 outputtest.o
                0x000004a0                __vector_13
 .text.__vector_16
                0x000004f0      0x224 outputtest.o
                0x000004f0                __vector_16
 .text.setup_timer1
                0x00000714       0x44 outputtest.o
                0x00000714                setup_timer1
 .text.setup_timer2
                0x00000758       0x2a outputtest.o
                0x00000758                setup_timer2
 .text.setup_timer0
                0x00000782       0x1e outputtest.o
                0x00000782                setup_timer0
 .text.main     0x000007a0       0x86 outputtest.o
                0x000007a0                main
                0x00000826                . = ALIGN (0x2)
 *(.fini9)
 .fini9         0x00000826        0x0 c:/program files/atmel/atmel toolchain/avr8 gcc/native/3.4.1061/avr8-gnu-toolchain/bin/../lib/gcc/avr/4.8.1/avr51\libgcc.a(_exit.o)
                0x00000826                _exit
                0x00000826                exit
 *(.fini9)
 *(.fini8)
 *(.fini8)
 *(.fini7)
 *(.fini7)
 *(.fini6)
 *(.fini6)
 *(.fini5)
 *(.fini5)
 *(.fini4)
 *(.fini4)
 *(.fini3)
 *(.fini3)
 *(.fini2)
 *(.fini2)
 *(.fini1)
 *(.fini1)
 *(.fini0)
 .fini0         0x00000826        0x4 c:/program files/atmel/atmel toolchain/avr8 gcc/native/3.4.1061/avr8-gnu-toolchain/bin/../lib/gcc/avr/4.8.1/avr51\libgcc.a(_exit.o)
 *(.fini0)
                0x0000082a                _etext = .

.data           0x00800100      0x338 load address 0x0000082a
                0x00800100                PROVIDE (__data_start, .)
 *(.data)
 *(.data*)
 .data.release_value
                0x00800100        0x1 outputtest.o
                0x00800100                release_value
 .data.sawtooth
                0x00800101      0x100 outputtest.o
                0x00800101                sawtooth
 *(.rodata)
 *(.rodata*)
 .rodata.font6x8
                0x00800201      0x228 lcd_5110_menu.o
                0x00800201                font6x8
 .rodata.str1.1
                0x00800429        0xf outputtest.o
 *(.gnu.linkonce.d*)
                0x00800438                . = ALIGN (0x2)
                0x00800438                _edata = .
                0x00800438                PROVIDE (__data_end, .)

.bss            0x00800438      0x337
                0x00800438                PROVIDE (__bss_start, .)
 *(.bss)
 *(.bss*)
 .bss.attack_value
                0x00800438        0x1 outputtest.o
                0x00800438                attack_value
 .bss.released  0x00800439        0xc outputtest.o
                0x00800439                released
 .bss.pressed   0x00800445        0xc outputtest.o
                0x00800445                pressed
 .bss.count     0x00800451        0x1 outputtest.o
                0x00800451                count
 *(COMMON)
 COMMON         0x00800452      0x1f8 lcd_5110_menu.o
                0x00800452                lcd_buffer
 COMMON         0x0080064a      0x125 outputtest.o
                0x0080064a                osc1
                0x0080064c                deb_buttons
                0x00800658                adc_value
                0x0080065a                pot_data
                0x0080065b                buffer
                0x0080065f                data
                0x00800663                buttons
                0x0080066f                curr_wave
                0x0080076f                PROVIDE (__bss_end, .)
                0x0000082a                __data_load_start = LOADADDR (.data)
                0x00000b62                __data_load_end = (__data_load_start + SIZEOF (.data))

.noinit         0x0080076f        0x0
                0x0080076f                PROVIDE (__noinit_start, .)
 *(.noinit*)
                0x0080076f                PROVIDE (__noinit_end, .)
                0x0080076f                _end = .
                0x0080076f                PROVIDE (__heap_start, .)

.eeprom         0x00810000        0x0
 *(.eeprom*)
                0x00810000                __eeprom_end = .

.fuse
 *(.fuse)
 *(.lfuse)
 *(.hfuse)
 *(.efuse)

.lock
 *(.lock*)

.signature
 *(.signature*)

.user_signatures
 *(.user_signatures*)

.stab
 *(.stab)

.stabstr
 *(.stabstr)

.stab.excl
 *(.stab.excl)

.stab.exclstr
 *(.stab.exclstr)

.stab.index
 *(.stab.index)

.stab.indexstr
 *(.stab.indexstr)

.comment        0x00000000       0x30
 *(.comment)
 .comment       0x00000000       0x30 l74hc165.o
                                 0x31 (size before relaxing)
 .comment       0x00000000       0x31 lcd_5110_menu.o
 .comment       0x00000000       0x31 outputtest.o

.note.gnu.build-id
 *(.note.gnu.build-id)

.debug
 *(.debug)

.line
 *(.line)

.debug_srcinfo
 *(.debug_srcinfo)

.debug_sfnames
 *(.debug_sfnames)

.debug_aranges  0x00000000      0x130
 *(.debug_aranges)
 .debug_aranges
                0x00000000       0x28 l74hc165.o
 .debug_aranges
                0x00000028       0x80 lcd_5110_menu.o
 .debug_aranges
                0x000000a8       0x88 outputtest.o

.debug_pubnames
 *(.debug_pubnames)

.debug_info     0x00000000     0x1066
 *(.debug_info .gnu.linkonce.wi.*)
 .debug_info    0x00000000      0x1b8 l74hc165.o
 .debug_info    0x000001b8      0x778 lcd_5110_menu.o
 .debug_info    0x00000930      0x736 outputtest.o

.debug_abbrev   0x00000000      0x68a
 *(.debug_abbrev)
 .debug_abbrev  0x00000000      0x131 l74hc165.o
 .debug_abbrev  0x00000131      0x2c3 lcd_5110_menu.o
 .debug_abbrev  0x000003f4      0x296 outputtest.o

.debug_line     0x00000000      0x6e7
 *(.debug_line .debug_line.* .debug_line_end)
 .debug_line    0x00000000      0x164 l74hc165.o
 .debug_line    0x00000164      0x2b0 lcd_5110_menu.o
 .debug_line    0x00000414      0x2d3 outputtest.o

.debug_frame    0x00000000      0x35c
 *(.debug_frame)
 .debug_frame   0x00000000       0x3c l74hc165.o
 .debug_frame   0x0000003c      0x138 lcd_5110_menu.o
 .debug_frame   0x00000174      0x1e8 outputtest.o

.debug_str      0x00000000      0x444
 *(.debug_str)
 .debug_str     0x00000000      0x1a2 l74hc165.o
                                0x1db (size before relaxing)
 .debug_str     0x000001a2      0x122 lcd_5110_menu.o
                                0x2bd (size before relaxing)
 .debug_str     0x000002c4      0x180 outputtest.o
                                0x3d1 (size before relaxing)

.debug_loc      0x00000000      0xc6a
 *(.debug_loc)
 .debug_loc     0x00000000      0x12f l74hc165.o
 .debug_loc     0x0000012f      0x6c9 lcd_5110_menu.o
 .debug_loc     0x000007f8      0x472 outputtest.o

.debug_macinfo
 *(.debug_macinfo)

.debug_weaknames
 *(.debug_weaknames)

.debug_funcnames
 *(.debug_funcnames)

.debug_typenames
 *(.debug_typenames)

.debug_varnames
 *(.debug_varnames)

.debug_pubtypes
 *(.debug_pubtypes)

.debug_ranges   0x00000000      0x130
 *(.debug_ranges)
 .debug_ranges  0x00000000       0x18 l74hc165.o
 .debug_ranges  0x00000018       0xa0 lcd_5110_menu.o
 .debug_ranges  0x000000b8       0x78 outputtest.o

.debug_macro
 *(.debug_macro)
OUTPUT(outputtest.elf elf32-avr)
LOAD linker stubs
