Archive member included because of file (symbol)

c:/program files (x86)/atmel/atmel toolchain/avr8 gcc/native/3.4.1061/avr8-gnu-toolchain/bin/../lib/gcc/avr/4.8.1/avr51\libgcc.a(_exit.o)
                              c:/program files (x86)/atmel/atmel toolchain/avr8 gcc/native/3.4.1061/avr8-gnu-toolchain/bin/../lib/gcc/avr/4.8.1/../../../../avr/lib/avr51/crtm1284p.o (exit)
c:/program files (x86)/atmel/atmel toolchain/avr8 gcc/native/3.4.1061/avr8-gnu-toolchain/bin/../lib/gcc/avr/4.8.1/avr51\libgcc.a(_copy_data.o)
                              lcd_5110_menu.o (__do_copy_data)
c:/program files (x86)/atmel/atmel toolchain/avr8 gcc/native/3.4.1061/avr8-gnu-toolchain/bin/../lib/gcc/avr/4.8.1/avr51\libgcc.a(_clear_bss.o)
                              lcd_5110_menu.o (__do_clear_bss)
c:/program files (x86)/atmel/atmel toolchain/avr8 gcc/native/3.4.1061/avr8-gnu-toolchain/bin/../lib/gcc/avr/4.8.1/../../../../avr/lib/avr51\libc.a(itoa.o)
                              lcd_5110_menu.o (itoa)
c:/program files (x86)/atmel/atmel toolchain/avr8 gcc/native/3.4.1061/avr8-gnu-toolchain/bin/../lib/gcc/avr/4.8.1/../../../../avr/lib/avr51\libc.a(itoa_ncheck.o)
                              c:/program files (x86)/atmel/atmel toolchain/avr8 gcc/native/3.4.1061/avr8-gnu-toolchain/bin/../lib/gcc/avr/4.8.1/../../../../avr/lib/avr51\libc.a(itoa.o) (__itoa_ncheck)
c:/program files (x86)/atmel/atmel toolchain/avr8 gcc/native/3.4.1061/avr8-gnu-toolchain/bin/../lib/gcc/avr/4.8.1/../../../../avr/lib/avr51\libc.a(utoa_ncheck.o)
                              c:/program files (x86)/atmel/atmel toolchain/avr8 gcc/native/3.4.1061/avr8-gnu-toolchain/bin/../lib/gcc/avr/4.8.1/../../../../avr/lib/avr51\libc.a(itoa_ncheck.o) (__utoa_common)
c:/program files (x86)/atmel/atmel toolchain/avr8 gcc/native/3.4.1061/avr8-gnu-toolchain/bin/../lib/gcc/avr/4.8.1/../../../../avr/lib/avr51\libc.a(strrev.o)
                              c:/program files (x86)/atmel/atmel toolchain/avr8 gcc/native/3.4.1061/avr8-gnu-toolchain/bin/../lib/gcc/avr/4.8.1/../../../../avr/lib/avr51\libc.a(utoa_ncheck.o) (strrev)

Allocating common symbols
Common symbol       size              file

osc1                0x2               outputtest.o
lcd_buffer          0x1f8             lcd_5110_menu.o
freq1               0x2               outputtest.o
adc_value           0x2               outputtest.o
pot_data            0x2               lcd_5110_menu.o
buffer              0x4               outputtest.o
currentmenu         0x2               lcd_5110_menu.o
curr_wave           0x100             outputtest.o

Discarded input sections

 .data          0x00000000        0x0 c:/program files (x86)/atmel/atmel toolchain/avr8 gcc/native/3.4.1061/avr8-gnu-toolchain/bin/../lib/gcc/avr/4.8.1/../../../../avr/lib/avr51/crtm1284p.o
 .bss           0x00000000        0x0 c:/program files (x86)/atmel/atmel toolchain/avr8 gcc/native/3.4.1061/avr8-gnu-toolchain/bin/../lib/gcc/avr/4.8.1/../../../../avr/lib/avr51/crtm1284p.o
 .text          0x00000000        0x0 l74hc165.o
 .data          0x00000000        0x0 l74hc165.o
 .bss           0x00000000        0x0 l74hc165.o
 .text.l74hc165_shiftin
                0x00000000       0x4c l74hc165.o
 .text          0x00000000        0x0 lcd.o
 .data          0x00000000        0x0 lcd.o
 .bss           0x00000000        0x0 lcd.o
 .text.toggle_e
                0x00000000        0x8 lcd.o
 .text.lcd_write
                0x00000000       0x3e lcd.o
 .text.lcd_read
                0x00000000       0x2e lcd.o
 .text.lcd_waitbusy
                0x00000000       0x1a lcd.o
 .text.lcd_command
                0x00000000       0x14 lcd.o
 .text.lcd_data
                0x00000000       0x14 lcd.o
 .text.lcd_gotoxy
                0x00000000       0x14 lcd.o
 .text.lcd_getxy
                0x00000000        0x8 lcd.o
 .text.lcd_clrscr
                0x00000000        0x8 lcd.o
 .text.lcd_home
                0x00000000        0x8 lcd.o
 .text.lcd_putc
                0x00000000       0x2a lcd.o
 .text.lcd_puts
                0x00000000       0x20 lcd.o
 .text.lcd_puts_p
                0x00000000       0x24 lcd.o
 .text.lcd_init
                0x00000000       0x6e lcd.o
 .debug_info    0x00000000      0x5cb lcd.o
 .debug_abbrev  0x00000000      0x229 lcd.o
 .debug_loc     0x00000000      0x521 lcd.o
 .debug_aranges
                0x00000000       0x88 lcd.o
 .debug_ranges  0x00000000       0x90 lcd.o
 .debug_line    0x00000000      0x208 lcd.o
 .debug_str     0x00000000      0x24d lcd.o
 .comment       0x00000000       0x31 lcd.o
 .debug_frame   0x00000000      0x138 lcd.o
 .text          0x00000000        0x0 lcd_5110_menu.o
 .data          0x00000000        0x0 lcd_5110_menu.o
 .bss           0x00000000        0x0 lcd_5110_menu.o
 .text.attack_command
                0x00000000        0xe lcd_5110_menu.o
 .text.decay_command
                0x00000000        0xe lcd_5110_menu.o
 .text.sustain_command
                0x00000000        0xe lcd_5110_menu.o
 .text.release_command
                0x00000000        0xe lcd_5110_menu.o
 .text.get_attack_value
                0x00000000        0x6 lcd_5110_menu.o
 .text.get_release_value
                0x00000000        0x6 lcd_5110_menu.o
 .text.setup_4_buttons
                0x00000000       0x12 lcd_5110_menu.o
 .text.navigate_menu
                0x00000000       0xbc lcd_5110_menu.o
 .rodata.str1.1
                0x00000000       0x7c lcd_5110_menu.o
 .text.setup_menu
                0x00000000      0x196 lcd_5110_menu.o
 .text.read_4_buttons
                0x00000000       0x42 lcd_5110_menu.o
 .text.LCD_write_command
                0x00000000       0x1e lcd_5110_menu.o
 .text.LCD_write_char
                0x00000000       0x56 lcd_5110_menu.o
 .text.LCD_write_string
                0x00000000       0x60 lcd_5110_menu.o
 .text.LCD_Write_data
                0x00000000       0x4a lcd_5110_menu.o
 .text.LCD_Write_data_at
                0x00000000       0x6a lcd_5110_menu.o
 .text.LCD_set_pixel
                0x00000000       0x58 lcd_5110_menu.o
 .text.LCD_draw_square
                0x00000000       0x4c lcd_5110_menu.o
 .text.LCD_write_buffer
                0x00000000       0x3e lcd_5110_menu.o
 .text.LCD_fill_buffer
                0x00000000       0x14 lcd_5110_menu.o
 .text.LCD_clear_buffer
                0x00000000       0x12 lcd_5110_menu.o
 .text.LCD_clear
                0x00000000        0xa lcd_5110_menu.o
 .text.LCD_init
                0x00000000       0x70 lcd_5110_menu.o
 .text.LCD_invert_row
                0x00000000       0x1e lcd_5110_menu.o
 .text.LCD_draw_menu
                0x00000000      0x2c0 lcd_5110_menu.o
 .bss.ii.1851   0x00000000        0x2 lcd_5110_menu.o
 .bss.ii.1844   0x00000000        0x2 lcd_5110_menu.o
 .bss.filtersmenu
                0x00000000       0x17 lcd_5110_menu.o
 .bss.lfomenu   0x00000000       0x17 lcd_5110_menu.o
 .bss.osc2menu  0x00000000       0x17 lcd_5110_menu.o
 .bss.levelmenu
                0x00000000       0x17 lcd_5110_menu.o
 .bss.waveformmenu
                0x00000000       0x17 lcd_5110_menu.o
 .bss.osc1menu  0x00000000       0x17 lcd_5110_menu.o
 .bss.oscmenu   0x00000000       0x17 lcd_5110_menu.o
 .bss.mainmenu  0x00000000       0x17 lcd_5110_menu.o
 .bss.adsrmenu  0x00000000       0x17 lcd_5110_menu.o
 .bss.release   0x00000000       0x17 lcd_5110_menu.o
 .bss.sustain   0x00000000       0x17 lcd_5110_menu.o
 .bss.decay     0x00000000       0x17 lcd_5110_menu.o
 .bss.attack    0x00000000       0x17 lcd_5110_menu.o
 .bss.menu_default
                0x00000000       0x17 lcd_5110_menu.o
 .bss.prev_pot_data
                0x00000000        0x1 lcd_5110_menu.o
 .bss.release_top
                0x00000000        0x1 lcd_5110_menu.o
 .bss.sustain_top
                0x00000000        0x1 lcd_5110_menu.o
 .bss.decay_top
                0x00000000        0x1 lcd_5110_menu.o
 .bss.attack_top
                0x00000000        0x1 lcd_5110_menu.o
 .data.current_menu
                0x00000000        0x2 lcd_5110_menu.o
 .bss.menuchoice
                0x00000000        0x1 lcd_5110_menu.o
 .bss.buttons   0x00000000        0x4 lcd_5110_menu.o
 .rodata.filters
                0x00000000       0x18 lcd_5110_menu.o
 .rodata.waveforms
                0x00000000       0x30 lcd_5110_menu.o
 .data.oscs_menu
                0x00000000        0x8 lcd_5110_menu.o
 .data.adsr_menu
                0x00000000        0x8 lcd_5110_menu.o
 .data.main_menu
                0x00000000        0x8 lcd_5110_menu.o
 .rodata.font6x8
                0x00000000      0x228 lcd_5110_menu.o
 .debug_info    0x00000000      0xed3 lcd_5110_menu.o
 .debug_abbrev  0x00000000      0x2f3 lcd_5110_menu.o
 .debug_loc     0x00000000      0x7d7 lcd_5110_menu.o
 .debug_aranges
                0x00000000       0xd8 lcd_5110_menu.o
 .debug_ranges  0x00000000       0xf8 lcd_5110_menu.o
 .debug_line    0x00000000      0x3f0 lcd_5110_menu.o
 .debug_str     0x00000000      0x4d8 lcd_5110_menu.o
 .comment       0x00000000       0x31 lcd_5110_menu.o
 .debug_frame   0x00000000      0x228 lcd_5110_menu.o
 COMMON         0x00000000      0x1fc lcd_5110_menu.o
 .text          0x00000000        0x0 outputtest.o
 .data          0x00000000        0x0 outputtest.o
 .bss           0x00000000        0x0 outputtest.o
 .text.fmul     0x00000000       0x14 outputtest.o
 .text.determine_keys_playing
                0x00000000        0x2 outputtest.o
 .text.lowpass  0x00000000       0x7a outputtest.o
 .text.setup_adc
                0x00000000       0x1a outputtest.o
 .data.release_value
                0x00000000        0x1 outputtest.o
 .bss.attack_value
                0x00000000        0x1 outputtest.o
 .bss.output    0x00000000        0x1 outputtest.o
 .bss.keys_playing
                0x00000000        0x3 outputtest.o
 .bss.released  0x00000000        0xc outputtest.o
 .bss.pressed   0x00000000        0xc outputtest.o
 .data.inc      0x00000000        0x1 outputtest.o
 .bss.count2    0x00000000        0x1 outputtest.o
 .bss.count     0x00000000        0x1 outputtest.o
 .data.sawtooth
                0x00000000      0x100 outputtest.o
 .data.pseudosquare
                0x00000000      0x100 outputtest.o
 .data.prutt    0x00000000      0xd10 outputtest.o
 .data.triangle
                0x00000000      0x100 outputtest.o
 .data.square2x
                0x00000000      0x100 outputtest.o
 .data.sine2x   0x00000000      0x100 outputtest.o
 .data.sine     0x00000000      0x100 outputtest.o
 .text          0x00000000        0x0 c:/program files (x86)/atmel/atmel toolchain/avr8 gcc/native/3.4.1061/avr8-gnu-toolchain/bin/../lib/gcc/avr/4.8.1/avr51\libgcc.a(_exit.o)
 .data          0x00000000        0x0 c:/program files (x86)/atmel/atmel toolchain/avr8 gcc/native/3.4.1061/avr8-gnu-toolchain/bin/../lib/gcc/avr/4.8.1/avr51\libgcc.a(_exit.o)
 .bss           0x00000000        0x0 c:/program files (x86)/atmel/atmel toolchain/avr8 gcc/native/3.4.1061/avr8-gnu-toolchain/bin/../lib/gcc/avr/4.8.1/avr51\libgcc.a(_exit.o)
 .text.libgcc.mul
                0x00000000        0x0 c:/program files (x86)/atmel/atmel toolchain/avr8 gcc/native/3.4.1061/avr8-gnu-toolchain/bin/../lib/gcc/avr/4.8.1/avr51\libgcc.a(_exit.o)
 .text.libgcc.div
                0x00000000        0x0 c:/program files (x86)/atmel/atmel toolchain/avr8 gcc/native/3.4.1061/avr8-gnu-toolchain/bin/../lib/gcc/avr/4.8.1/avr51\libgcc.a(_exit.o)
 .text.libgcc   0x00000000        0x0 c:/program files (x86)/atmel/atmel toolchain/avr8 gcc/native/3.4.1061/avr8-gnu-toolchain/bin/../lib/gcc/avr/4.8.1/avr51\libgcc.a(_exit.o)
 .text.libgcc.prologue
                0x00000000        0x0 c:/program files (x86)/atmel/atmel toolchain/avr8 gcc/native/3.4.1061/avr8-gnu-toolchain/bin/../lib/gcc/avr/4.8.1/avr51\libgcc.a(_exit.o)
 .text.libgcc.builtins
                0x00000000        0x0 c:/program files (x86)/atmel/atmel toolchain/avr8 gcc/native/3.4.1061/avr8-gnu-toolchain/bin/../lib/gcc/avr/4.8.1/avr51\libgcc.a(_exit.o)
 .text.libgcc.fmul
                0x00000000        0x0 c:/program files (x86)/atmel/atmel toolchain/avr8 gcc/native/3.4.1061/avr8-gnu-toolchain/bin/../lib/gcc/avr/4.8.1/avr51\libgcc.a(_exit.o)
 .text.libgcc.fixed
                0x00000000        0x0 c:/program files (x86)/atmel/atmel toolchain/avr8 gcc/native/3.4.1061/avr8-gnu-toolchain/bin/../lib/gcc/avr/4.8.1/avr51\libgcc.a(_exit.o)
 .text          0x00000000        0x0 c:/program files (x86)/atmel/atmel toolchain/avr8 gcc/native/3.4.1061/avr8-gnu-toolchain/bin/../lib/gcc/avr/4.8.1/avr51\libgcc.a(_copy_data.o)
 .data          0x00000000        0x0 c:/program files (x86)/atmel/atmel toolchain/avr8 gcc/native/3.4.1061/avr8-gnu-toolchain/bin/../lib/gcc/avr/4.8.1/avr51\libgcc.a(_copy_data.o)
 .bss           0x00000000        0x0 c:/program files (x86)/atmel/atmel toolchain/avr8 gcc/native/3.4.1061/avr8-gnu-toolchain/bin/../lib/gcc/avr/4.8.1/avr51\libgcc.a(_copy_data.o)
 .text.libgcc.mul
                0x00000000        0x0 c:/program files (x86)/atmel/atmel toolchain/avr8 gcc/native/3.4.1061/avr8-gnu-toolchain/bin/../lib/gcc/avr/4.8.1/avr51\libgcc.a(_copy_data.o)
 .text.libgcc.div
                0x00000000        0x0 c:/program files (x86)/atmel/atmel toolchain/avr8 gcc/native/3.4.1061/avr8-gnu-toolchain/bin/../lib/gcc/avr/4.8.1/avr51\libgcc.a(_copy_data.o)
 .text.libgcc   0x00000000        0x0 c:/program files (x86)/atmel/atmel toolchain/avr8 gcc/native/3.4.1061/avr8-gnu-toolchain/bin/../lib/gcc/avr/4.8.1/avr51\libgcc.a(_copy_data.o)
 .text.libgcc.prologue
                0x00000000        0x0 c:/program files (x86)/atmel/atmel toolchain/avr8 gcc/native/3.4.1061/avr8-gnu-toolchain/bin/../lib/gcc/avr/4.8.1/avr51\libgcc.a(_copy_data.o)
 .text.libgcc.builtins
                0x00000000        0x0 c:/program files (x86)/atmel/atmel toolchain/avr8 gcc/native/3.4.1061/avr8-gnu-toolchain/bin/../lib/gcc/avr/4.8.1/avr51\libgcc.a(_copy_data.o)
 .text.libgcc.fmul
                0x00000000        0x0 c:/program files (x86)/atmel/atmel toolchain/avr8 gcc/native/3.4.1061/avr8-gnu-toolchain/bin/../lib/gcc/avr/4.8.1/avr51\libgcc.a(_copy_data.o)
 .text.libgcc.fixed
                0x00000000        0x0 c:/program files (x86)/atmel/atmel toolchain/avr8 gcc/native/3.4.1061/avr8-gnu-toolchain/bin/../lib/gcc/avr/4.8.1/avr51\libgcc.a(_copy_data.o)
 .text          0x00000000        0x0 c:/program files (x86)/atmel/atmel toolchain/avr8 gcc/native/3.4.1061/avr8-gnu-toolchain/bin/../lib/gcc/avr/4.8.1/avr51\libgcc.a(_clear_bss.o)
 .data          0x00000000        0x0 c:/program files (x86)/atmel/atmel toolchain/avr8 gcc/native/3.4.1061/avr8-gnu-toolchain/bin/../lib/gcc/avr/4.8.1/avr51\libgcc.a(_clear_bss.o)
 .bss           0x00000000        0x0 c:/program files (x86)/atmel/atmel toolchain/avr8 gcc/native/3.4.1061/avr8-gnu-toolchain/bin/../lib/gcc/avr/4.8.1/avr51\libgcc.a(_clear_bss.o)
 .text.libgcc.mul
                0x00000000        0x0 c:/program files (x86)/atmel/atmel toolchain/avr8 gcc/native/3.4.1061/avr8-gnu-toolchain/bin/../lib/gcc/avr/4.8.1/avr51\libgcc.a(_clear_bss.o)
 .text.libgcc.div
                0x00000000        0x0 c:/program files (x86)/atmel/atmel toolchain/avr8 gcc/native/3.4.1061/avr8-gnu-toolchain/bin/../lib/gcc/avr/4.8.1/avr51\libgcc.a(_clear_bss.o)
 .text.libgcc   0x00000000        0x0 c:/program files (x86)/atmel/atmel toolchain/avr8 gcc/native/3.4.1061/avr8-gnu-toolchain/bin/../lib/gcc/avr/4.8.1/avr51\libgcc.a(_clear_bss.o)
 .text.libgcc.prologue
                0x00000000        0x0 c:/program files (x86)/atmel/atmel toolchain/avr8 gcc/native/3.4.1061/avr8-gnu-toolchain/bin/../lib/gcc/avr/4.8.1/avr51\libgcc.a(_clear_bss.o)
 .text.libgcc.builtins
                0x00000000        0x0 c:/program files (x86)/atmel/atmel toolchain/avr8 gcc/native/3.4.1061/avr8-gnu-toolchain/bin/../lib/gcc/avr/4.8.1/avr51\libgcc.a(_clear_bss.o)
 .text.libgcc.fmul
                0x00000000        0x0 c:/program files (x86)/atmel/atmel toolchain/avr8 gcc/native/3.4.1061/avr8-gnu-toolchain/bin/../lib/gcc/avr/4.8.1/avr51\libgcc.a(_clear_bss.o)
 .text.libgcc.fixed
                0x00000000        0x0 c:/program files (x86)/atmel/atmel toolchain/avr8 gcc/native/3.4.1061/avr8-gnu-toolchain/bin/../lib/gcc/avr/4.8.1/avr51\libgcc.a(_clear_bss.o)
 .text          0x00000000        0x0 c:/program files (x86)/atmel/atmel toolchain/avr8 gcc/native/3.4.1061/avr8-gnu-toolchain/bin/../lib/gcc/avr/4.8.1/../../../../avr/lib/avr51\libc.a(itoa.o)
 .data          0x00000000        0x0 c:/program files (x86)/atmel/atmel toolchain/avr8 gcc/native/3.4.1061/avr8-gnu-toolchain/bin/../lib/gcc/avr/4.8.1/../../../../avr/lib/avr51\libc.a(itoa.o)
 .bss           0x00000000        0x0 c:/program files (x86)/atmel/atmel toolchain/avr8 gcc/native/3.4.1061/avr8-gnu-toolchain/bin/../lib/gcc/avr/4.8.1/../../../../avr/lib/avr51\libc.a(itoa.o)
 .text.avr-libc
                0x00000000       0x16 c:/program files (x86)/atmel/atmel toolchain/avr8 gcc/native/3.4.1061/avr8-gnu-toolchain/bin/../lib/gcc/avr/4.8.1/../../../../avr/lib/avr51\libc.a(itoa.o)
 .text          0x00000000        0x0 c:/program files (x86)/atmel/atmel toolchain/avr8 gcc/native/3.4.1061/avr8-gnu-toolchain/bin/../lib/gcc/avr/4.8.1/../../../../avr/lib/avr51\libc.a(itoa_ncheck.o)
 .data          0x00000000        0x0 c:/program files (x86)/atmel/atmel toolchain/avr8 gcc/native/3.4.1061/avr8-gnu-toolchain/bin/../lib/gcc/avr/4.8.1/../../../../avr/lib/avr51\libc.a(itoa_ncheck.o)
 .bss           0x00000000        0x0 c:/program files (x86)/atmel/atmel toolchain/avr8 gcc/native/3.4.1061/avr8-gnu-toolchain/bin/../lib/gcc/avr/4.8.1/../../../../avr/lib/avr51\libc.a(itoa_ncheck.o)
 .text.avr-libc
                0x00000000       0x16 c:/program files (x86)/atmel/atmel toolchain/avr8 gcc/native/3.4.1061/avr8-gnu-toolchain/bin/../lib/gcc/avr/4.8.1/../../../../avr/lib/avr51\libc.a(itoa_ncheck.o)
 .text          0x00000000        0x0 c:/program files (x86)/atmel/atmel toolchain/avr8 gcc/native/3.4.1061/avr8-gnu-toolchain/bin/../lib/gcc/avr/4.8.1/../../../../avr/lib/avr51\libc.a(utoa_ncheck.o)
 .data          0x00000000        0x0 c:/program files (x86)/atmel/atmel toolchain/avr8 gcc/native/3.4.1061/avr8-gnu-toolchain/bin/../lib/gcc/avr/4.8.1/../../../../avr/lib/avr51\libc.a(utoa_ncheck.o)
 .bss           0x00000000        0x0 c:/program files (x86)/atmel/atmel toolchain/avr8 gcc/native/3.4.1061/avr8-gnu-toolchain/bin/../lib/gcc/avr/4.8.1/../../../../avr/lib/avr51\libc.a(utoa_ncheck.o)
 .text.avr-libc
                0x00000000       0x34 c:/program files (x86)/atmel/atmel toolchain/avr8 gcc/native/3.4.1061/avr8-gnu-toolchain/bin/../lib/gcc/avr/4.8.1/../../../../avr/lib/avr51\libc.a(utoa_ncheck.o)
 .text          0x00000000        0x0 c:/program files (x86)/atmel/atmel toolchain/avr8 gcc/native/3.4.1061/avr8-gnu-toolchain/bin/../lib/gcc/avr/4.8.1/../../../../avr/lib/avr51\libc.a(strrev.o)
 .data          0x00000000        0x0 c:/program files (x86)/atmel/atmel toolchain/avr8 gcc/native/3.4.1061/avr8-gnu-toolchain/bin/../lib/gcc/avr/4.8.1/../../../../avr/lib/avr51\libc.a(strrev.o)
 .bss           0x00000000        0x0 c:/program files (x86)/atmel/atmel toolchain/avr8 gcc/native/3.4.1061/avr8-gnu-toolchain/bin/../lib/gcc/avr/4.8.1/../../../../avr/lib/avr51\libc.a(strrev.o)
 .text.avr-libc
                0x00000000       0x20 c:/program files (x86)/atmel/atmel toolchain/avr8 gcc/native/3.4.1061/avr8-gnu-toolchain/bin/../lib/gcc/avr/4.8.1/../../../../avr/lib/avr51\libc.a(strrev.o)

Memory Configuration

Name             Origin             Length             Attributes
text             0x00000000         0x00020000         xr
data             0x00800100         0x0000ff00         rw !x
eeprom           0x00810000         0x00010000         rw !x
fuse             0x00820000         0x00000400         rw !x
lock             0x00830000         0x00000400         rw !x
signature        0x00840000         0x00000400         rw !x
user_signatures  0x00850000         0x00000400         rw !x
*default*        0x00000000         0xffffffff

Linker script and memory map

Address of section .data set to 0x800100
LOAD c:/program files (x86)/atmel/atmel toolchain/avr8 gcc/native/3.4.1061/avr8-gnu-toolchain/bin/../lib/gcc/avr/4.8.1/../../../../avr/lib/avr51/crtm1284p.o
LOAD l74hc165.o
LOAD lcd.o
LOAD lcd_5110_menu.o
LOAD outputtest.o
START GROUP
LOAD c:/program files (x86)/atmel/atmel toolchain/avr8 gcc/native/3.4.1061/avr8-gnu-toolchain/bin/../lib/gcc/avr/4.8.1/../../../../avr/lib/avr51\libm.a
END GROUP
START GROUP
LOAD c:/program files (x86)/atmel/atmel toolchain/avr8 gcc/native/3.4.1061/avr8-gnu-toolchain/bin/../lib/gcc/avr/4.8.1/avr51\libgcc.a
LOAD c:/program files (x86)/atmel/atmel toolchain/avr8 gcc/native/3.4.1061/avr8-gnu-toolchain/bin/../lib/gcc/avr/4.8.1/../../../../avr/lib/avr51\libm.a
LOAD c:/program files (x86)/atmel/atmel toolchain/avr8 gcc/native/3.4.1061/avr8-gnu-toolchain/bin/../lib/gcc/avr/4.8.1/../../../../avr/lib/avr51\libc.a
END GROUP

.hash
 *(.hash)

.dynsym
 *(.dynsym)

.dynstr
 *(.dynstr)

.gnu.version
 *(.gnu.version)

.gnu.version_d
 *(.gnu.version_d)

.gnu.version_r
 *(.gnu.version_r)

.rel.init
 *(.rel.init)

.rela.init
 *(.rela.init)

.rel.text
 *(.rel.text)
 *(.rel.text.*)
 *(.rel.gnu.linkonce.t*)

.rela.text
 *(.rela.text)
 *(.rela.text.*)
 *(.rela.gnu.linkonce.t*)

.rel.fini
 *(.rel.fini)

.rela.fini
 *(.rela.fini)

.rel.rodata
 *(.rel.rodata)
 *(.rel.rodata.*)
 *(.rel.gnu.linkonce.r*)

.rela.rodata
 *(.rela.rodata)
 *(.rela.rodata.*)
 *(.rela.gnu.linkonce.r*)

.rel.data
 *(.rel.data)
 *(.rel.data.*)
 *(.rel.gnu.linkonce.d*)

.rela.data
 *(.rela.data)
 *(.rela.data.*)
 *(.rela.gnu.linkonce.d*)

.rel.ctors
 *(.rel.ctors)

.rela.ctors
 *(.rela.ctors)

.rel.dtors
 *(.rel.dtors)

.rela.dtors
 *(.rela.dtors)

.rel.got
 *(.rel.got)

.rela.got
 *(.rela.got)

.rel.bss
 *(.rel.bss)

.rela.bss
 *(.rela.bss)

.rel.plt
 *(.rel.plt)

.rela.plt
 *(.rela.plt)

.text           0x00000000      0x43c
 *(.vectors)
 .vectors       0x00000000       0x8c c:/program files (x86)/atmel/atmel toolchain/avr8 gcc/native/3.4.1061/avr8-gnu-toolchain/bin/../lib/gcc/avr/4.8.1/../../../../avr/lib/avr51/crtm1284p.o
                0x00000000                __vector_default
                0x00000000                __vectors
 *(.vectors)
 *(.progmem.gcc*)
                0x0000008c                . = ALIGN (0x2)
                0x0000008c                __trampolines_start = .
 *(.trampolines)
 .trampolines   0x0000008c        0x0 linker stubs
 *(.trampolines*)
                0x0000008c                __trampolines_end = .
 *(.progmem*)
                0x0000008c                . = ALIGN (0x2)
 *(.jumptables)
 *(.jumptables*)
 *(.lowtext)
 *(.lowtext*)
                0x0000008c                __ctors_start = .
 *(.ctors)
                0x0000008c                __ctors_end = .
                0x0000008c                __dtors_start = .
 *(.dtors)
                0x0000008c                __dtors_end = .
 SORT(*)(.ctors)
 SORT(*)(.dtors)
 *(.init0)
 .init0         0x0000008c        0x0 c:/program files (x86)/atmel/atmel toolchain/avr8 gcc/native/3.4.1061/avr8-gnu-toolchain/bin/../lib/gcc/avr/4.8.1/../../../../avr/lib/avr51/crtm1284p.o
                0x0000008c                __init
 *(.init0)
 *(.init1)
 *(.init1)
 *(.init2)
 .init2         0x0000008c        0xc c:/program files (x86)/atmel/atmel toolchain/avr8 gcc/native/3.4.1061/avr8-gnu-toolchain/bin/../lib/gcc/avr/4.8.1/../../../../avr/lib/avr51/crtm1284p.o
 *(.init2)
 *(.init3)
 *(.init3)
 *(.init4)
 .init4         0x00000098       0x1a c:/program files (x86)/atmel/atmel toolchain/avr8 gcc/native/3.4.1061/avr8-gnu-toolchain/bin/../lib/gcc/avr/4.8.1/avr51\libgcc.a(_copy_data.o)
                0x00000098                __do_copy_data
 .init4         0x000000b2       0x10 c:/program files (x86)/atmel/atmel toolchain/avr8 gcc/native/3.4.1061/avr8-gnu-toolchain/bin/../lib/gcc/avr/4.8.1/avr51\libgcc.a(_clear_bss.o)
                0x000000b2                __do_clear_bss
 *(.init4)
 *(.init5)
 *(.init5)
 *(.init6)
 *(.init6)
 *(.init7)
 *(.init7)
 *(.init8)
 *(.init8)
 *(.init9)
 .init9         0x000000c2        0x8 c:/program files (x86)/atmel/atmel toolchain/avr8 gcc/native/3.4.1061/avr8-gnu-toolchain/bin/../lib/gcc/avr/4.8.1/../../../../avr/lib/avr51/crtm1284p.o
 *(.init9)
 *(.text)
 .text          0x000000ca        0x4 c:/program files (x86)/atmel/atmel toolchain/avr8 gcc/native/3.4.1061/avr8-gnu-toolchain/bin/../lib/gcc/avr/4.8.1/../../../../avr/lib/avr51/crtm1284p.o
                0x000000ca                __vector_22
                0x000000ca                __vector_28
                0x000000ca                __vector_1
                0x000000ca                __vector_32
                0x000000ca                __vector_34
                0x000000ca                __vector_24
                0x000000ca                __vector_12
                0x000000ca                __bad_interrupt
                0x000000ca                __vector_6
                0x000000ca                __vector_31
                0x000000ca                __vector_3
                0x000000ca                __vector_23
                0x000000ca                __vector_30
                0x000000ca                __vector_25
                0x000000ca                __vector_11
                0x000000ca                __vector_17
                0x000000ca                __vector_19
                0x000000ca                __vector_7
                0x000000ca                __vector_27
                0x000000ca                __vector_5
                0x000000ca                __vector_33
                0x000000ca                __vector_4
                0x000000ca                __vector_2
                0x000000ca                __vector_21
                0x000000ca                __vector_15
                0x000000ca                __vector_29
                0x000000ca                __vector_8
                0x000000ca                __vector_26
                0x000000ca                __vector_14
                0x000000ca                __vector_10
                0x000000ca                __vector_18
                0x000000ca                __vector_20
                0x000000ce                . = ALIGN (0x2)
 *(.text.*)
 .text.l74hc165_init
                0x000000ce        0xc l74hc165.o
                0x000000ce                l74hc165_init
 .text.populate_buttons
                0x000000da       0xca outputtest.o
                0x000000da                populate_buttons
 .text.__vector_13
                0x000001a4       0xb8 outputtest.o
                0x000001a4                __vector_13
 .text.shiftin  0x0000025c       0x7c outputtest.o
                0x0000025c                shiftin
 .text.__vector_9
                0x000002d8       0x54 outputtest.o
                0x000002d8                __vector_9
 .text.__vector_16
                0x0000032c       0x5c outputtest.o
                0x0000032c                __vector_16
 .text.setup_timer1
                0x00000388       0x44 outputtest.o
                0x00000388                setup_timer1
 .text.setup_timer2
                0x000003cc       0x2a outputtest.o
                0x000003cc                setup_timer2
 .text.setup_timer0
                0x000003f6       0x1e outputtest.o
                0x000003f6                setup_timer0
 .text.main     0x00000414       0x24 outputtest.o
                0x00000414                main
                0x00000438                . = ALIGN (0x2)
 *(.fini9)
 .fini9         0x00000438        0x0 c:/program files (x86)/atmel/atmel toolchain/avr8 gcc/native/3.4.1061/avr8-gnu-toolchain/bin/../lib/gcc/avr/4.8.1/avr51\libgcc.a(_exit.o)
                0x00000438                _exit
                0x00000438                exit
 *(.fini9)
 *(.fini8)
 *(.fini8)
 *(.fini7)
 *(.fini7)
 *(.fini6)
 *(.fini6)
 *(.fini5)
 *(.fini5)
 *(.fini4)
 *(.fini4)
 *(.fini3)
 *(.fini3)
 *(.fini2)
 *(.fini2)
 *(.fini1)
 *(.fini1)
 *(.fini0)
 .fini0         0x00000438        0x4 c:/program files (x86)/atmel/atmel toolchain/avr8 gcc/native/3.4.1061/avr8-gnu-toolchain/bin/../lib/gcc/avr/4.8.1/avr51\libgcc.a(_exit.o)
 *(.fini0)
                0x0000043c                _etext = .

.data           0x00800100      0x100 load address 0x0000043c
                0x00800100                PROVIDE (__data_start, .)
 *(.data)
 *(.data*)
 .data.square_  0x00800100      0x100 outputtest.o
                0x00800100                square_
 *(.rodata)
 *(.rodata*)
 *(.gnu.linkonce.d*)
                0x00800200                . = ALIGN (0x2)
                0x00800200                _edata = .
                0x00800200                PROVIDE (__data_end, .)

.bss            0x00800200      0x13f
                0x00800200                PROVIDE (__bss_start, .)
 *(.bss)
 *(.bss*)
 .bss.dat.1849  0x00800200        0x2 outputtest.o
 .bss.i.1848    0x00800202        0x1 outputtest.o
 .bss.out       0x00800203        0xc outputtest.o
                0x00800203                out
 .bss.freq_counter
                0x0080020f       0x18 outputtest.o
                0x0080020f                freq_counter
 .bss.keys      0x00800227        0xc outputtest.o
                0x00800227                keys
 .bss.data      0x00800233        0x2 outputtest.o
                0x00800233                data
 *(COMMON)
 COMMON         0x00800235      0x10a outputtest.o
                0x00800235                osc1
                0x00800237                freq1
                0x00800239                adc_value
                0x0080023b                buffer
                0x0080023f                curr_wave
                0x0080033f                PROVIDE (__bss_end, .)
                0x0000043c                __data_load_start = LOADADDR (.data)
                0x0000053c                __data_load_end = (__data_load_start + SIZEOF (.data))

.noinit         0x0080033f        0x0
                0x0080033f                PROVIDE (__noinit_start, .)
 *(.noinit*)
                0x0080033f                PROVIDE (__noinit_end, .)
                0x0080033f                _end = .
                0x0080033f                PROVIDE (__heap_start, .)

.eeprom         0x00810000        0x0
 *(.eeprom*)
                0x00810000                __eeprom_end = .

.fuse
 *(.fuse)
 *(.lfuse)
 *(.hfuse)
 *(.efuse)

.lock
 *(.lock*)

.signature
 *(.signature*)

.user_signatures
 *(.user_signatures*)

.stab
 *(.stab)

.stabstr
 *(.stabstr)

.stab.excl
 *(.stab.excl)

.stab.exclstr
 *(.stab.exclstr)

.stab.index
 *(.stab.index)

.stab.indexstr
 *(.stab.indexstr)

.comment        0x00000000       0x30
 *(.comment)
 .comment       0x00000000       0x30 l74hc165.o
                                 0x31 (size before relaxing)
 .comment       0x00000000       0x31 outputtest.o

.note.gnu.build-id
 *(.note.gnu.build-id)

.debug
 *(.debug)

.line
 *(.line)

.debug_srcinfo
 *(.debug_srcinfo)

.debug_sfnames
 *(.debug_sfnames)

.debug_aranges  0x00000000       0xa8
 *(.debug_aranges)
 .debug_aranges
                0x00000000       0x28 l74hc165.o
 .debug_aranges
                0x00000028       0x80 outputtest.o

.debug_pubnames
 *(.debug_pubnames)

.debug_info     0x00000000      0x715
 *(.debug_info .gnu.linkonce.wi.*)
 .debug_info    0x00000000      0x100 l74hc165.o
 .debug_info    0x00000100      0x615 outputtest.o

.debug_abbrev   0x00000000      0x2f1
 *(.debug_abbrev)
 .debug_abbrev  0x00000000       0xa8 l74hc165.o
 .debug_abbrev  0x000000a8      0x249 outputtest.o

.debug_line     0x00000000      0x31d
 *(.debug_line .debug_line.* .debug_line_end)
 .debug_line    0x00000000       0xeb l74hc165.o
 .debug_line    0x000000eb      0x232 outputtest.o

.debug_frame    0x00000000      0x21c
 *(.debug_frame)
 .debug_frame   0x00000000       0x3c l74hc165.o
 .debug_frame   0x0000003c      0x1e0 outputtest.o

.debug_str      0x00000000      0x30b
 *(.debug_str)
 .debug_str     0x00000000      0x151 l74hc165.o
                                0x18a (size before relaxing)
 .debug_str     0x00000151      0x1ba outputtest.o
                                0x32e (size before relaxing)

.debug_loc      0x00000000      0x540
 *(.debug_loc)
 .debug_loc     0x00000000       0xe7 l74hc165.o
 .debug_loc     0x000000e7      0x459 outputtest.o

.debug_macinfo
 *(.debug_macinfo)

.debug_weaknames
 *(.debug_weaknames)

.debug_funcnames
 *(.debug_funcnames)

.debug_typenames
 *(.debug_typenames)

.debug_varnames
 *(.debug_varnames)

.debug_pubtypes
 *(.debug_pubtypes)

.debug_ranges   0x00000000       0x88
 *(.debug_ranges)
 .debug_ranges  0x00000000       0x18 l74hc165.o
 .debug_ranges  0x00000018       0x70 outputtest.o

.debug_macro
 *(.debug_macro)
OUTPUT(outputtest.elf elf32-avr)
LOAD linker stubs
